<!doctype html public "-//w3c//dtd html 4.0 transitional//en">
<html><head>
<title>Static Call Graph - [.\Objects\352proj.axf]</title></head>
<body><HR>
<H1>Static Call Graph for image .\Objects\352proj.axf</H1><HR>
<BR><P>#&#060CALLGRAPH&#062# ARM Linker, 5060750: Last Updated: Thu Dec 05 17:35:51 2019
<BR><P>
<H3>Maximum Stack Usage =          0 bytes + Unknown(Untraceable Function Pointers)</H3><H3>
Call chain for Maximum Stack Depth:</H3>

<P>
<H3>
Function Pointers
</H3><UL>
 <LI><a href="#[1]">Reset_Handler</a> from 352proj.o(MYCODE) referenced from 352proj.o(RESET)
</UL>
<P>
<H3>
Global Symbols
</H3>
<P><STRONG><a name="[1]"></a>Reset_Handler</STRONG> (Thumb, 36 bytes, Stack size 0 bytes, 352proj.o(MYCODE))
<BR><BR>[Calls]<UL><LI><a href="#[7]">&gt;&gt;</a>&nbsp;&nbsp;&nbsp;lose_mode
<LI><a href="#[6]">&gt;&gt;</a>&nbsp;&nbsp;&nbsp;win_mode
<LI><a href="#[5]">&gt;&gt;</a>&nbsp;&nbsp;&nbsp;normalGameplay
<LI><a href="#[4]">&gt;&gt;</a>&nbsp;&nbsp;&nbsp;waiting
<LI><a href="#[3]">&gt;&gt;</a>&nbsp;&nbsp;&nbsp;GPIO_init
<LI><a href="#[2]">&gt;&gt;</a>&nbsp;&nbsp;&nbsp;GPIO_ClockInit
</UL>
<P>
<H3>
Local Symbols
</H3>
<P><STRONG><a name="[2]"></a>GPIO_ClockInit</STRONG> (Thumb, 12 bytes, Stack size 0 bytes, 352proj.o(MYCODE))
<BR><BR>[Called By]<UL><LI><a href="#[1]">&gt;&gt;</a>&nbsp;&nbsp;&nbsp;Reset_Handler
</UL>

<P><STRONG><a name="[3]"></a>GPIO_init</STRONG> (Thumb, 16 bytes, Stack size 0 bytes, 352proj.o(MYCODE))
<BR><BR>[Called By]<UL><LI><a href="#[1]">&gt;&gt;</a>&nbsp;&nbsp;&nbsp;Reset_Handler
</UL>

<P><STRONG><a name="[4]"></a>waiting</STRONG> (Thumb, 258 bytes, Stack size 0 bytes, 352proj.o(MYCODE))
<BR><BR>[Called By]<UL><LI><a href="#[1]">&gt;&gt;</a>&nbsp;&nbsp;&nbsp;Reset_Handler
</UL>

<P><STRONG><a name="[5]"></a>normalGameplay</STRONG> (Thumb, 104 bytes, Stack size 0 bytes, 352proj.o(MYCODE))
<BR><BR>[Calls]<UL><LI><a href="#[a]">&gt;&gt;</a>&nbsp;&nbsp;&nbsp;level_select
<LI><a href="#[9]">&gt;&gt;</a>&nbsp;&nbsp;&nbsp;get_input
<LI><a href="#[8]">&gt;&gt;</a>&nbsp;&nbsp;&nbsp;LED_picker
</UL>
<BR>[Called By]<UL><LI><a href="#[1]">&gt;&gt;</a>&nbsp;&nbsp;&nbsp;Reset_Handler
</UL>

<P><STRONG><a name="[6]"></a>win_mode</STRONG> (Thumb, 48 bytes, Stack size 0 bytes, 352proj.o(MYCODE))
<BR><BR>[Called By]<UL><LI><a href="#[1]">&gt;&gt;</a>&nbsp;&nbsp;&nbsp;Reset_Handler
</UL>

<P><STRONG><a name="[7]"></a>lose_mode</STRONG> (Thumb, 126 bytes, Stack size 0 bytes, 352proj.o(MYCODE))
<BR><BR>[Called By]<UL><LI><a href="#[1]">&gt;&gt;</a>&nbsp;&nbsp;&nbsp;Reset_Handler
</UL>

<P><STRONG><a name="[8]"></a>LED_picker</STRONG> (Thumb, 80 bytes, Stack size 0 bytes, 352proj.o(MYCODE))
<BR><BR>[Called By]<UL><LI><a href="#[5]">&gt;&gt;</a>&nbsp;&nbsp;&nbsp;normalGameplay
</UL>

<P><STRONG><a name="[9]"></a>get_input</STRONG> (Thumb, 86 bytes, Stack size 0 bytes, 352proj.o(MYCODE))
<BR><BR>[Called By]<UL><LI><a href="#[5]">&gt;&gt;</a>&nbsp;&nbsp;&nbsp;normalGameplay
</UL>

<P><STRONG><a name="[a]"></a>level_select</STRONG> (Thumb, 122 bytes, Stack size 0 bytes, 352proj.o(MYCODE))
<BR><BR>[Called By]<UL><LI><a href="#[5]">&gt;&gt;</a>&nbsp;&nbsp;&nbsp;normalGameplay
</UL>
<P>
<H3>
Undefined Global Symbols
</H3><HR></body></html>
