Component: ARM Compiler 5.06 update 6 (build 750) Tool: armlink [4d35ed]

==============================================================================

Section Cross References

    352proj.o(RESET) refers to 352proj.o(MYCODE) for Reset_Handler


==============================================================================

Image Symbol Table

    Local Symbols

    Symbol Name                              Value     Ov Type        Size  Object(Section)

    352proj.s                                0x00000000   Number         0  352proj.o ABSOLUTE
    RESET                                    0x08000000   Section        8  352proj.o(RESET)
    MYCODE                                   0x08000008   Section      932  352proj.o(MYCODE)
    GPIO_ClockInit                           0x0800002d   Thumb Code    12  352proj.o(MYCODE)
    GPIO_init                                0x08000039   Thumb Code    16  352proj.o(MYCODE)
    waiting                                  0x08000049   Thumb Code   258  352proj.o(MYCODE)
    normalGameplay                           0x0800014b   Thumb Code   104  352proj.o(MYCODE)
    win_mode                                 0x080001b3   Thumb Code    48  352proj.o(MYCODE)
    lose_mode                                0x080001e3   Thumb Code   126  352proj.o(MYCODE)
    LED_picker                               0x08000261   Thumb Code    80  352proj.o(MYCODE)
    get_input                                0x080002b1   Thumb Code    86  352proj.o(MYCODE)
    level_select                             0x08000307   Thumb Code   122  352proj.o(MYCODE)

    Global Symbols

    Symbol Name                              Value     Ov Type        Size  Object(Section)

    BuildAttributes$$THM_ISAv4$P$D$K$B$S$PE$A:L22UL41UL21$X:L11$S22US41US21$IEEE1$IW$USESV6$~STKCKD$USESV7$~SHL$OSPACE$EBA8$STANDARDLIB$PRES8$EABIv2 0x00000000   Number         0  anon$$obj.o ABSOLUTE
    __Vectors                                0x08000000   Data           4  352proj.o(RESET)
    Reset_Handler                            0x08000009   Thumb Code    36  352proj.o(MYCODE)



==============================================================================

Memory Map of the image

  Image Entry point : 0x08000009

  Load Region LR_1 (Base: 0x08000000, Size: 0x000003ac, Max: 0xffffffff, ABSOLUTE)

    Execution Region ER_RO (Exec base: 0x08000000, Load base: 0x08000000, Size: 0x000003ac, Max: 0xffffffff, ABSOLUTE)

    Exec Addr    Load Addr    Size         Type   Attr      Idx    E Section Name        Object

    0x08000000   0x08000000   0x00000008   Data   RO            1    RESET               352proj.o
    0x08000008   0x08000008   0x000003a4   Code   RO            2  * MYCODE              352proj.o


    Execution Region ER_RW (Exec base: 0x20000000, Load base: 0x080003ac, Size: 0x00000000, Max: 0xffffffff, ABSOLUTE)

    **** No section assigned to this execution region ****


    Execution Region ER_ZI (Exec base: 0x20000000, Load base: 0x080003ac, Size: 0x00000000, Max: 0xffffffff, ABSOLUTE)

    **** No section assigned to this execution region ****


==============================================================================

Image component sizes


      Code (inc. data)   RO Data    RW Data    ZI Data      Debug   Object Name

       932         44          8          0          0       1008   352proj.o

    ----------------------------------------------------------------------
       932         44          8          0          0       1008   Object Totals
         0          0          0          0          0          0   (incl. Generated)
         0          0          0          0          0          0   (incl. Padding)

    ----------------------------------------------------------------------
         0          0          0          0          0          0   Library Totals
         0          0          0          0          0          0   (incl. Padding)

    ----------------------------------------------------------------------

==============================================================================


      Code (inc. data)   RO Data    RW Data    ZI Data      Debug   

       932         44          8          0          0       1008   Grand Totals
       932         44          8          0          0       1008   ELF Image Totals
       932         44          8          0          0          0   ROM Totals

==============================================================================

    Total RO  Size (Code + RO Data)                  940 (   0.92kB)
    Total RW  Size (RW Data + ZI Data)                 0 (   0.00kB)
    Total ROM Size (Code + RO Data + RW Data)        940 (   0.92kB)

==============================================================================

